Node execution successful: v24.11.1